// Jest Snapshot v1, https://goo.gl/fbAQLP

exports[`Error renders error message 1`] = `
<div
  className="Error"
>
  <span
    className="Message"
  >
    <Error
      className="Icon"
      size={13}
    />
    Something terrible happened!
  </span>
</div>
`;
