// Jest Snapshot v1, https://goo.gl/fbAQLP

exports[`Slider component should render default state correctly 1`] = `
<Slider
  defaultValue={0}
  max={100}
  min={0}
  precision={0}
>
  <div
    className="Slider"
    onMouseDown={[Function]}
    onTouchStart={[Function]}
  >
    <div
      className="Rail"
    />
    <div
      className="Track"
      style={
        Object {
          "width": 0,
        }
      }
    />
    <div
      aria-valuemax={100}
      aria-valuemin={0}
      aria-valuenow={0}
      className="Handle"
      onKeyDown={[Function]}
      role="slider"
      style={
        Object {
          "left": 0,
        }
      }
      tabIndex="0"
    />
  </div>
</Slider>
`;

exports[`Slider component ticks should render ticks 1`] = `
Array [
  <div
    className="Tick Included"
    key="25"
    style={
      Object {
        "left": 50,
      }
    }
  >
    <div
      className="TickLabel"
    >
      test tick
    </div>
  </div>,
  <div
    className="Tick"
    key="55"
    style={
      Object {
        "left": 110.00000000000001,
      }
    }
  >
    <div
      className="TickLabel"
    >
      not included tick
    </div>
  </div>,
]
`;
